components/BossController.tsx(27,36): error TS2345: Argument of type '"boss_spawn"' is not assignable to parameter of type 'SoundEffect'.
components/BossController.tsx(54,40): error TS2345: Argument of type '"mammoth_step"' is not assignable to parameter of type 'SoundEffect'.
components/BossController.tsx(84,36): error TS2345: Argument of type '"metal_impact"' is not assignable to parameter of type 'SoundEffect'.
components/GameScene.tsx(166,87): error TS2345: Argument of type '"day"' is not assignable to parameter of type '"night" | "wave" | "unlock"'.
components/HUD.tsx(324,26): error TS2322: Type '{ onMove: (x: number, y: number) => void; onEnd: () => void; }' is not assignable to type 'IntrinsicAttributes'.
  Property 'onMove' does not exist on type 'IntrinsicAttributes'.
components/LevelClearMenu.tsx(49,43): error TS2339: Property 'getLevelName' does not exist on type 'GameStore'.
components/Player.tsx(111,51): error TS2304: Cannot find name 'level'.
components/Player.tsx(119,13): error TS2304: Cannot find name 'level'.
components/Player.tsx(120,13): error TS2304: Cannot find name 'level'.
components/Player.tsx(121,13): error TS2304: Cannot find name 'level'.
components/Player.tsx(135,57): error TS2304: Cannot find name 'level'.
components/Player.tsx(147,11): error TS2304: Cannot find name 'level'.
components/Player.tsx(148,11): error TS2304: Cannot find name 'level'.
components/Player.tsx(149,11): error TS2304: Cannot find name 'level'.
components/Player.tsx(157,58): error TS2304: Cannot find name 'level'.
components/PremiumHUD.tsx(92,50): error TS2339: Property 'getLevelName' does not exist on type 'GameStore'.
components/PremiumZombie.tsx(23,13): error TS2322: Type '{ position: [number, number, number]; seed: number; type: EnemyClass; isAttacking?: boolean; isDying?: boolean; isStunned?: boolean; hitTime?: number; }' is not assignable to type 'RealisticEnemyProps'.
  Property 'isAttacking' is optional in type '{ position: [number, number, number]; seed: number; type: EnemyClass; isAttacking?: boolean; isDying?: boolean; isStunned?: boolean; hitTime?: number; }' but required in type 'RealisticEnemyProps'.
components/RealisticPlayer.tsx(138,29): error TS2448: Block-scoped variable 't' used before its declaration.
components/RealisticPlayer.tsx(221,30): error TS2339: Property 'fov' does not exist on type 'Camera & { manual?: boolean; }'.
  Property 'fov' does not exist on type 'OrthographicCamera & { manual?: boolean; }'.
components/RealisticPlayer.tsx(221,70): error TS2339: Property 'fov' does not exist on type 'Camera & { manual?: boolean; }'.
  Property 'fov' does not exist on type 'OrthographicCamera & { manual?: boolean; }'.
components/RealisticPlayer.tsx(221,88): error TS2339: Property 'fov' does not exist on type 'Camera & { manual?: boolean; }'.
  Property 'fov' does not exist on type 'OrthographicCamera & { manual?: boolean; }'.
components/SettingsPanel.tsx(25,5): error TS2300: Duplicate identifier 'autoAim'.
components/SettingsPanel.tsx(26,5): error TS2300: Duplicate identifier 'autoAim'.
components/Structures.tsx(104,58): error TS2322: Type '{ args: [number, number, number]; rotation: number[]; }' is not assignable to type 'ExtendedColors<Overwrite<Partial<CylinderGeometry>, NodeProps<CylinderGeometry, typeof CylinderGeometry>>>'.
  Property 'rotation' does not exist on type 'ExtendedColors<Overwrite<Partial<CylinderGeometry>, NodeProps<CylinderGeometry, typeof CylinderGeometry>>>'.
components/Structures.tsx(108,58): error TS2322: Type '{ args: [number, number, number]; rotation: number[]; }' is not assignable to type 'ExtendedColors<Overwrite<Partial<CylinderGeometry>, NodeProps<CylinderGeometry, typeof CylinderGeometry>>>'.
  Property 'rotation' does not exist on type 'ExtendedColors<Overwrite<Partial<CylinderGeometry>, NodeProps<CylinderGeometry, typeof CylinderGeometry>>>'.
store.ts(61,3): error TS2300: Duplicate identifier 'unlockConstellationNode'.
store.ts(62,3): error TS2300: Duplicate identifier 'convertScoreToStardust'.
store.ts(108,3): error TS2300: Duplicate identifier 'unlockConstellationNode'.
store.ts(109,3): error TS2300: Duplicate identifier 'convertScoreToStardust'.
store.ts(180,47): error TS2345: Argument of type '(set: (partial: GameStore | Partial<GameStore> | ((state: GameStore) => GameStore | Partial<GameStore>), replace?: boolean) => void, get: () => GameStore) => { ...; }' is not assignable to parameter of type 'StateCreator<GameStore, [], []>'.
  Type '(set: (partial: GameStore | Partial<GameStore> | ((state: GameStore) => GameStore | Partial<GameStore>), replace?: boolean) => void, get: () => GameStore) => { ...; }' is not assignable to type '(setState: (partial: GameStore | Partial<GameStore> | ((state: GameStore) => GameStore | Partial<GameStore>), replace?: boolean) => void, getState: () => GameStore, store: StoreApi<...>) => GameStore'.
    Type '{ gameState: GameState.MAIN_MENU; timeOfDay: TimeOfDay.DAY; level: number; levelTimer: number; wave: number; lastWave: number; bestNight: number; resources: { wood: number; stone: number; lightShards: number; food: number; titanCores: number; }; ... 110 more ...; disconnectFromServer: () => void; }' is missing the following properties from type 'GameStore': setPlayerGrounded, transmute
